###############################################################################
#
# IAR ELF Linker V8.40.1.212/W32 for ARM                  14/Jul/2021  14:22:14
# Copyright 2007-2019 IAR Systems AB.
#
#    Output file  =  D:\STM32 Projects\RTC\RTC\EWARM\RTC\Exe\RTC.out
#    Map file     =  D:\STM32 Projects\RTC\RTC\EWARM\RTC\List\RTC.map
#    Command line =
#        -f C:\Users\MAHERM~1\AppData\Local\Temp\EW5943.tmp ("D:\STM32
#        Projects\RTC\RTC\EWARM\RTC\Obj\lcd.o" "D:\STM32
#        Projects\RTC\RTC\EWARM\RTC\Obj\main.o" "D:\STM32
#        Projects\RTC\RTC\EWARM\RTC\Obj\rtc.o" "D:\STM32
#        Projects\RTC\RTC\EWARM\RTC\Obj\startup_stm32l486xx.o" "D:\STM32
#        Projects\RTC\RTC\EWARM\RTC\Obj\stm32l4xx_hal.o" "D:\STM32
#        Projects\RTC\RTC\EWARM\RTC\Obj\stm32l4xx_hal_adc.o" "D:\STM32
#        Projects\RTC\RTC\EWARM\RTC\Obj\stm32l4xx_hal_adc_ex.o" "D:\STM32
#        Projects\RTC\RTC\EWARM\RTC\Obj\stm32l4xx_hal_cortex.o" "D:\STM32
#        Projects\RTC\RTC\EWARM\RTC\Obj\stm32l4xx_hal_dma.o" "D:\STM32
#        Projects\RTC\RTC\EWARM\RTC\Obj\stm32l4xx_hal_dma_ex.o" "D:\STM32
#        Projects\RTC\RTC\EWARM\RTC\Obj\stm32l4xx_hal_exti.o" "D:\STM32
#        Projects\RTC\RTC\EWARM\RTC\Obj\stm32l4xx_hal_flash.o" "D:\STM32
#        Projects\RTC\RTC\EWARM\RTC\Obj\stm32l4xx_hal_flash_ex.o" "D:\STM32
#        Projects\RTC\RTC\EWARM\RTC\Obj\stm32l4xx_hal_flash_ramfunc.o"
#        "D:\STM32 Projects\RTC\RTC\EWARM\RTC\Obj\stm32l4xx_hal_gpio.o"
#        "D:\STM32 Projects\RTC\RTC\EWARM\RTC\Obj\stm32l4xx_hal_i2c.o"
#        "D:\STM32 Projects\RTC\RTC\EWARM\RTC\Obj\stm32l4xx_hal_i2c_ex.o"
#        "D:\STM32 Projects\RTC\RTC\EWARM\RTC\Obj\stm32l4xx_hal_msp.o"
#        "D:\STM32 Projects\RTC\RTC\EWARM\RTC\Obj\stm32l4xx_hal_pwr.o"
#        "D:\STM32 Projects\RTC\RTC\EWARM\RTC\Obj\stm32l4xx_hal_pwr_ex.o"
#        "D:\STM32 Projects\RTC\RTC\EWARM\RTC\Obj\stm32l4xx_hal_rcc.o"
#        "D:\STM32 Projects\RTC\RTC\EWARM\RTC\Obj\stm32l4xx_hal_rcc_ex.o"
#        "D:\STM32 Projects\RTC\RTC\EWARM\RTC\Obj\stm32l4xx_hal_rtc.o"
#        "D:\STM32 Projects\RTC\RTC\EWARM\RTC\Obj\stm32l4xx_hal_rtc_ex.o"
#        "D:\STM32 Projects\RTC\RTC\EWARM\RTC\Obj\stm32l4xx_hal_tim.o"
#        "D:\STM32 Projects\RTC\RTC\EWARM\RTC\Obj\stm32l4xx_hal_tim_ex.o"
#        "D:\STM32 Projects\RTC\RTC\EWARM\RTC\Obj\stm32l4xx_it.o" "D:\STM32
#        Projects\RTC\RTC\EWARM\RTC\Obj\stm32l4xx_nucleo.o" "D:\STM32
#        Projects\RTC\RTC\EWARM\RTC\Obj\system_stm32l4xx.o" --no_out_extension
#        -o "D:\STM32 Projects\RTC\RTC\EWARM\RTC\Exe\RTC.out" --redirect
#        _Printf=_PrintfFullNoMb --redirect _Scanf=_ScanfFullNoMb --map
#        "D:\STM32 Projects\RTC\RTC\EWARM\RTC\List\RTC.map" --config "D:\STM32
#        Projects\RTC\RTC\EWARM/stm32l486xx_flash.icf" --semihosting --entry
#        __iar_program_start --vfe --text_out locale)
#
###############################################################################

*******************************************************************************
*** RUNTIME MODEL ATTRIBUTES
***

CppFlavor       = *
__SystemLibrary = DLib
__dlib_version  = 6


*******************************************************************************
*** HEAP SELECTION
***

The basic heap was selected because no calls to memory allocation
functions were found in the application outside of system library
functions, and there are calls to deallocation functions in the
application.


*******************************************************************************
*** PLACEMENT SUMMARY
***

"A0":  place at address 0x800'0000 { ro section .intvec };
"P1":  place in [from 0x800'0000 to 0x80f'ffff] { ro };
define block CSTACK with size = 1K, alignment = 8 { };
define block HEAP with size = 512, alignment = 8 { };
"P2":  place in [from 0x2000'0000 to 0x2001'7fff] {
          rw, block CSTACK, block HEAP };
"P3":  place in [from 0x2000'0000 to 0x2001'7fff] { };
initialize by copy { rw };

  Section            Kind         Address    Size  Object
  -------            ----         -------    ----  ------
"A0":                                       0x188
  .intvec            ro code   0x800'0000   0x188  startup_stm32l486xx.o [1]
                             - 0x800'0188   0x188

"P1":                                      0x2b3a
  .text              ro code   0x800'0188   0x9b2  stm32l4xx_hal_adc.o [1]
  .text              ro code   0x800'0b3a     0x2  stm32l4xx_hal_adc_ex.o [1]
  .text              ro code   0x800'0b3c   0x144  rtc.o [1]
  .text              ro code   0x800'0c80     0x2  stm32l4xx_hal_adc_ex.o [1]
  .text              ro code   0x800'0c82     0x2  stm32l4xx_hal_adc.o [1]
  .text              ro code   0x800'0c84     0x2  stm32l4xx_hal_adc_ex.o [1]
  .text              ro code   0x800'0c86     0x2  stm32l4xx_hal_adc_ex.o [1]
  .text              ro code   0x800'0c88     0x2  stm32l4xx_hal_adc.o [1]
  .text              ro code   0x800'0c8a     0x2  stm32l4xx_hal_adc_ex.o [1]
  .text              ro code   0x800'0c8c     0xc  stm32l4xx_hal.o [1]
  .text              ro code   0x800'0c98   0x2ea  stm32l4xx_hal_rtc.o [1]
  .text              ro code   0x800'0f82    0x14  memset.o [4]
  .text              ro code   0x800'0f96    0x3a  zero_init3.o [4]
  .text              ro code   0x800'0fd0   0x1f8  stm32l4xx_hal_gpio.o [1]
  .text              ro code   0x800'11c8    0xc8  stm32l4xx_hal_cortex.o [1]
  .text              ro code   0x800'1290    0x70  stm32l4xx_hal_msp.o [1]
  .text              ro code   0x800'1300    0x66  ABImemset.o [4]
  .text              ro code   0x800'1368   0x550  stm32l4xx_hal_rcc_ex.o [1]
  .text              ro code   0x800'18b8   0x6bc  stm32l4xx_hal_rcc.o [1]
  .text              ro code   0x800'1f74    0x44  stm32l4xx_hal.o [1]
  .text              ro code   0x800'1fb8    0x84  stm32l4xx_hal_pwr_ex.o [1]
  .text              ro code   0x800'203c   0x31e  stm32l4xx_hal_tim.o [1]
  .text              ro code   0x800'235a     0x2  stm32l4xx_hal_tim.o [1]
  .text              ro code   0x800'235c     0x2  stm32l4xx_hal_tim.o [1]
  .text              ro code   0x800'2360   0x2c4  lcd.o [1]
  .text              ro code   0x800'2624     0x2  stm32l4xx_hal_tim_ex.o [1]
  .text              ro code   0x800'2626     0x2  stm32l4xx_hal_tim_ex.o [1]
  .text              ro code   0x800'2628     0x2  stm32l4xx_hal_tim.o [1]
  .text              ro code   0x800'262a     0x2  stm32l4xx_hal_tim_ex.o [1]
  .text              ro code   0x800'262c     0x2  stm32l4xx_hal_tim.o [1]
  .text              ro code   0x800'2630   0x22a  main.o [1]
  .text              ro code   0x800'285c    0x1e  stm32l4xx_hal.o [1]
  .text              ro code   0x800'287c    0x10  stm32l4xx_hal_pwr.o [1]
  .text              ro code   0x800'288c    0xae  stm32l4xx_nucleo.o [1]
  .text              ro code   0x800'293c    0x50  system_stm32l4xx.o [1]
  .rodata            const     0x800'298c    0x48  lcd.o [1]
  .rodata            const     0x800'29d4    0x38  lcd.o [1]
  .text              ro code   0x800'2a0c    0x38  packbits_init_single.o [4]
  .rodata            const     0x800'2a44    0x30  system_stm32l4xx.o [1]
  .text              ro code   0x800'2a74    0x28  data_init.o [4]
  .text              ro code   0x800'2a9c    0x22  fpinit_M.o [3]
  .iar.init_table    const     0x800'2ac0    0x20  - Linker created -
  .text              ro code   0x800'2ae0    0x1e  cmain.o [4]
  .text              ro code   0x800'2afe     0x4  low_level_init.o [2]
  .text              ro code   0x800'2b02     0x4  exit.o [2]
  .text              ro code   0x800'2b08     0xa  cexit.o [4]
  .text              ro code   0x800'2b14    0x14  exit.o [5]
  .text              ro code   0x800'2b28    0x14  stm32l4xx_it.o [1]
  .text              ro code   0x800'2b3c    0x10  stm32l4xx_hal.o [1]
  .text              ro code   0x800'2b4c    0x10  startup_stm32l486xx.o [1]
  .text              ro code   0x800'2b5c     0xc  cstartup_M.o [4]
  .text              ro code   0x800'2b68     0x4  startup_stm32l486xx.o [1]
  .text              ro code   0x800'2b6c     0x4  startup_stm32l486xx.o [1]
  .text              ro code   0x800'2b70     0x4  startup_stm32l486xx.o [1]
  .text              ro code   0x800'2b74     0x4  startup_stm32l486xx.o [1]
  .text              ro code   0x800'2b78     0x4  startup_stm32l486xx.o [1]
  .text              ro code   0x800'2b7c     0x4  startup_stm32l486xx.o [1]
  .text              ro code   0x800'2b80     0x4  startup_stm32l486xx.o [1]
  .text              ro code   0x800'2b84     0x4  startup_stm32l486xx.o [1]
  .text              ro code   0x800'2b88     0x4  startup_stm32l486xx.o [1]
  .text              ro code   0x800'2b8c     0x4  startup_stm32l486xx.o [1]
  .text              ro code   0x800'2b90     0x4  startup_stm32l486xx.o [1]
  .text              ro code   0x800'2b94     0x4  startup_stm32l486xx.o [1]
  .text              ro code   0x800'2b98     0x4  startup_stm32l486xx.o [1]
  .text              ro code   0x800'2b9c     0x4  startup_stm32l486xx.o [1]
  .text              ro code   0x800'2ba0     0x4  startup_stm32l486xx.o [1]
  .text              ro code   0x800'2ba4     0x4  startup_stm32l486xx.o [1]
  .text              ro code   0x800'2ba8     0x4  startup_stm32l486xx.o [1]
  .text              ro code   0x800'2bac     0x4  startup_stm32l486xx.o [1]
  .text              ro code   0x800'2bb0     0x4  startup_stm32l486xx.o [1]
  .text              ro code   0x800'2bb4     0x4  startup_stm32l486xx.o [1]
  .text              ro code   0x800'2bb8     0x4  startup_stm32l486xx.o [1]
  .text              ro code   0x800'2bbc     0x4  startup_stm32l486xx.o [1]
  .text              ro code   0x800'2bc0     0x4  startup_stm32l486xx.o [1]
  .text              ro code   0x800'2bc4     0x4  startup_stm32l486xx.o [1]
  .text              ro code   0x800'2bc8     0x4  startup_stm32l486xx.o [1]
  .text              ro code   0x800'2bcc     0x4  startup_stm32l486xx.o [1]
  .text              ro code   0x800'2bd0     0x4  startup_stm32l486xx.o [1]
  .text              ro code   0x800'2bd4     0x4  startup_stm32l486xx.o [1]
  .text              ro code   0x800'2bd8     0x4  startup_stm32l486xx.o [1]
  .text              ro code   0x800'2bdc     0x4  startup_stm32l486xx.o [1]
  .text              ro code   0x800'2be0     0x4  startup_stm32l486xx.o [1]
  .text              ro code   0x800'2be4     0x4  startup_stm32l486xx.o [1]
  .text              ro code   0x800'2be8     0x4  startup_stm32l486xx.o [1]
  .text              ro code   0x800'2bec     0x4  startup_stm32l486xx.o [1]
  .text              ro code   0x800'2bf0     0x4  startup_stm32l486xx.o [1]
  .text              ro code   0x800'2bf4     0x4  startup_stm32l486xx.o [1]
  .text              ro code   0x800'2bf8     0x4  startup_stm32l486xx.o [1]
  .text              ro code   0x800'2bfc     0x4  startup_stm32l486xx.o [1]
  .text              ro code   0x800'2c00     0x4  startup_stm32l486xx.o [1]
  .text              ro code   0x800'2c04     0x4  startup_stm32l486xx.o [1]
  .text              ro code   0x800'2c08     0x4  startup_stm32l486xx.o [1]
  .text              ro code   0x800'2c0c     0x4  startup_stm32l486xx.o [1]
  .text              ro code   0x800'2c10     0x4  startup_stm32l486xx.o [1]
  .text              ro code   0x800'2c14     0x4  startup_stm32l486xx.o [1]
  .text              ro code   0x800'2c18     0x4  startup_stm32l486xx.o [1]
  .text              ro code   0x800'2c1c     0x4  startup_stm32l486xx.o [1]
  .text              ro code   0x800'2c20     0x4  startup_stm32l486xx.o [1]
  .text              ro code   0x800'2c24     0x4  startup_stm32l486xx.o [1]
  .text              ro code   0x800'2c28     0x4  startup_stm32l486xx.o [1]
  .text              ro code   0x800'2c2c     0x4  startup_stm32l486xx.o [1]
  .text              ro code   0x800'2c30     0x4  startup_stm32l486xx.o [1]
  .text              ro code   0x800'2c34     0x4  startup_stm32l486xx.o [1]
  .text              ro code   0x800'2c38     0x4  startup_stm32l486xx.o [1]
  .text              ro code   0x800'2c3c     0x4  startup_stm32l486xx.o [1]
  .text              ro code   0x800'2c40     0x4  startup_stm32l486xx.o [1]
  .text              ro code   0x800'2c44     0x4  startup_stm32l486xx.o [1]
  .text              ro code   0x800'2c48     0x4  startup_stm32l486xx.o [1]
  .text              ro code   0x800'2c4c     0x4  startup_stm32l486xx.o [1]
  .text              ro code   0x800'2c50     0x4  startup_stm32l486xx.o [1]
  .text              ro code   0x800'2c54     0x4  startup_stm32l486xx.o [1]
  .text              ro code   0x800'2c58     0x4  startup_stm32l486xx.o [1]
  .text              ro code   0x800'2c5c     0x4  startup_stm32l486xx.o [1]
  .text              ro code   0x800'2c60     0x4  startup_stm32l486xx.o [1]
  .text              ro code   0x800'2c64     0x4  startup_stm32l486xx.o [1]
  .text              ro code   0x800'2c68     0x4  startup_stm32l486xx.o [1]
  .text              ro code   0x800'2c6c     0x4  startup_stm32l486xx.o [1]
  .text              ro code   0x800'2c70     0x4  startup_stm32l486xx.o [1]
  .text              ro code   0x800'2c74     0x4  startup_stm32l486xx.o [1]
  .text              ro code   0x800'2c78     0x4  startup_stm32l486xx.o [1]
  .text              ro code   0x800'2c7c     0x4  startup_stm32l486xx.o [1]
  .text              ro code   0x800'2c80     0x4  startup_stm32l486xx.o [1]
  .text              ro code   0x800'2c84     0x4  startup_stm32l486xx.o [1]
  .text              ro code   0x800'2c88     0x4  startup_stm32l486xx.o [1]
  .text              ro code   0x800'2c8c     0x4  startup_stm32l486xx.o [1]
  .text              ro code   0x800'2c90     0x4  startup_stm32l486xx.o [1]
  .text              ro code   0x800'2c94     0x4  startup_stm32l486xx.o [1]
  .text              ro code   0x800'2c98     0x4  startup_stm32l486xx.o [1]
  .text              ro code   0x800'2c9c     0x4  startup_stm32l486xx.o [1]
  .text              ro code   0x800'2ca0     0x4  startup_stm32l486xx.o [1]
  .text              ro code   0x800'2ca4     0x4  startup_stm32l486xx.o [1]
  .rodata            const     0x800'2ca8     0x0  zero_init3.o [4]
  .rodata            const     0x800'2ca8     0x0  packbits_init_single.o [4]
  Initializer bytes  const     0x800'2ca8    0x1a  <for P2-P3-1>
                             - 0x800'2cc2  0x2b3a

"P2-P3", part 1 of 3:                        0x8f
  P2-P3-1                     0x2000'0000    0x8f  <Init block>
    .data            inited   0x2000'0000    0x74  lcd.o [1]
    .data            inited   0x2000'0074     0xc  stm32l4xx_hal.o [1]
    .data            inited   0x2000'0080     0x4  stm32l4xx_nucleo.o [1]
    .data            inited   0x2000'0084     0x4  system_stm32l4xx.o [1]
    .data            inited   0x2000'0088     0x7  main.o [1]
                            - 0x2000'008f    0x8f

"P2-P3", part 2 of 3:                        0x8c
  .bss               zero     0x2000'0090    0x64  rtc.o [1]
  .bss               zero     0x2000'00f4    0x24  rtc.o [1]
  .bss               zero     0x2000'0118     0x4  rtc.o [1]
                            - 0x2000'011c    0x8c

"P2-P3", part 3 of 3:                       0x400
  CSTACK                      0x2000'0120   0x400  <Block>
    CSTACK           uninit   0x2000'0120   0x400  <Block tail>
                            - 0x2000'0520   0x400

Unused ranges:

         From           To      Size
         ----           --      ----
   0x800'2cc2   0x80f'ffff  0xf'd33e
  0x2000'008f  0x2000'008f       0x1
  0x2000'011c  0x2000'011f       0x4
  0x2000'0520  0x2001'7fff  0x1'7ae0


*******************************************************************************
*** INIT TABLE
***

          Address      Size
          -------      ----
Zero (__iar_zero_init3)
    1 destination range, total size 0x8c:
          0x2000'0090  0x8c

Copy/packbits (__iar_packbits_init_single3)
    1 source range, total size 0x1a (18% of destination):
           0x800'2ca8  0x1a
    1 destination range, total size 0x8f:
          0x2000'0000  0x8f



*******************************************************************************
*** MODULE SUMMARY
***

    Module                  ro code  ro data  rw data
    ------                  -------  -------  -------
command line/config:
    -------------------------------------------------
    Total:

D:\STM32 Projects\RTC\RTC\EWARM\RTC\Obj: [1]
    lcd.o                       708      149      116
    main.o                      554        2        7
    rtc.o                       324               140
    startup_stm32l486xx.o       728
    stm32l4xx_hal.o             126        2       12
    stm32l4xx_hal_adc.o       2'486
    stm32l4xx_hal_adc_ex.o       10
    stm32l4xx_hal_cortex.o      200
    stm32l4xx_hal_gpio.o        504
    stm32l4xx_hal_msp.o         112
    stm32l4xx_hal_pwr.o          16
    stm32l4xx_hal_pwr_ex.o      132
    stm32l4xx_hal_rcc.o       1'724
    stm32l4xx_hal_rcc_ex.o    1'360
    stm32l4xx_hal_rtc.o         746
    stm32l4xx_hal_tim.o         806
    stm32l4xx_hal_tim_ex.o        6
    stm32l4xx_it.o               20
    stm32l4xx_nucleo.o          174        1        4
    system_stm32l4xx.o           80       48        4
    -------------------------------------------------
    Total:                   10'816      202      283

dl7M_tln.a: [2]
    exit.o                        4
    low_level_init.o              4
    -------------------------------------------------
    Total:                        8

m7M_tls.a: [3]
    fpinit_M.o                   34
    -------------------------------------------------
    Total:                       34

rt7M_tl.a: [4]
    ABImemset.o                 102
    cexit.o                      10
    cmain.o                      30
    cstartup_M.o                 12
    data_init.o                  40
    memset.o                     20
    packbits_init_single.o       56
    zero_init3.o                 58
    -------------------------------------------------
    Total:                      328

shb_l.a: [5]
    exit.o                       20
    -------------------------------------------------
    Total:                       20

    Gaps                         16        2
    Linker created                        32    1'024
-----------------------------------------------------
    Grand Total:             11'222      236    1'307


*******************************************************************************
*** ENTRY LIST
***

Entry                       Address   Size  Type      Object
-----                       -------   ----  ----      ------
.iar.init_table$$Base    0x800'2ac0          --   Gb  - Linker created -
.iar.init_table$$Limit   0x800'2ae0          --   Gb  - Linker created -
?main                    0x800'2ae1         Code  Gb  cmain.o [4]
ADC1_2_IRQHandler        0x800'0c5f    0x6  Code  Gb  rtc.o [1]
ADC_Enable               0x800'0a91   0x56  Code  Gb  stm32l4xx_hal_adc.o [1]
AHBPrescTable            0x800'297c   0x10  Data  Gb  system_stm32l4xx.o [1]
BSP_PB_GetState          0x800'2919   0x10  Code  Gb  stm32l4xx_nucleo.o [1]
BSP_PB_Init              0x800'288d   0x76  Code  Gb  stm32l4xx_nucleo.o [1]
BUTTON_IRQn              0x800'2938    0x2  Data  Gb  stm32l4xx_nucleo.o [1]
BUTTON_PIN               0x800'2934    0x2  Data  Gb  stm32l4xx_nucleo.o [1]
BUTTON_PORT             0x2000'0080    0x4  Data  Gb  stm32l4xx_nucleo.o [1]
BusFault_Handler         0x800'2b2f    0x2  Code  Gb  stm32l4xx_it.o [1]
CSTACK$$Base            0x2000'0120          --   Gb  - Linker created -
CSTACK$$Limit           0x2000'0520          --   Gb  - Linker created -
DebugMon_Handler         0x800'2b35    0x2  Code  Gb  stm32l4xx_it.o [1]
Error_Handler            0x800'2857    0x4  Code  Lc  main.o [1]
GPIO_InitStruct         0x2000'005c   0x14  Data  Lc  lcd.o [1]
HAL_ADCEx_EndOfSamplingCallback
                         0x800'0b3b    0x2  Code  Wk  stm32l4xx_hal_adc_ex.o [1]
HAL_ADCEx_InjectedConvCpltCallback
                         0x800'0c81    0x2  Code  Wk  stm32l4xx_hal_adc_ex.o [1]
HAL_ADCEx_InjectedQueueOverflowCallback
                         0x800'0c8b    0x2  Code  Wk  stm32l4xx_hal_adc_ex.o [1]
HAL_ADCEx_LevelOutOfWindow2Callback
                         0x800'0c85    0x2  Code  Wk  stm32l4xx_hal_adc_ex.o [1]
HAL_ADCEx_LevelOutOfWindow3Callback
                         0x800'0c87    0x2  Code  Wk  stm32l4xx_hal_adc_ex.o [1]
HAL_ADC_ConfigChannel    0x800'071d  0x304  Code  Gb  stm32l4xx_hal_adc.o [1]
HAL_ADC_ConvCpltCallback
                         0x800'0c53    0xc  Code  Gb  rtc.o [1]
HAL_ADC_GetValue         0x800'04a7    0x6  Code  Gb  stm32l4xx_hal_adc.o [1]
HAL_ADC_IRQHandler       0x800'04ad  0x232  Code  Gb  stm32l4xx_hal_adc.o [1]
HAL_ADC_Init             0x800'01db  0x19e  Code  Gb  stm32l4xx_hal_adc.o [1]
HAL_ADC_Start_IT         0x800'0379   0xd2  Code  Gb  stm32l4xx_hal_adc.o [1]
HAL_GPIO_Init            0x800'0fd1  0x1bc  Code  Gb  stm32l4xx_hal_gpio.o [1]
HAL_GPIO_ReadPin         0x800'118d    0xc  Code  Gb  stm32l4xx_hal_gpio.o [1]
HAL_GPIO_WritePin        0x800'1199    0xa  Code  Gb  stm32l4xx_hal_gpio.o [1]
HAL_GetTick              0x800'0c8d    0xc  Code  Wk  stm32l4xx_hal.o [1]
HAL_IncTick              0x800'2b3d   0x10  Code  Wk  stm32l4xx_hal.o [1]
HAL_Init                 0x800'285d   0x1e  Code  Gb  stm32l4xx_hal.o [1]
HAL_InitTick             0x800'1f75   0x44  Code  Wk  stm32l4xx_hal.o [1]
HAL_MspInit              0x800'1291   0x2c  Code  Gb  stm32l4xx_hal_msp.o [1]
HAL_NVIC_EnableIRQ       0x800'1239   0x16  Code  Gb  stm32l4xx_hal_cortex.o [1]
HAL_NVIC_SetPriority     0x800'11fd   0x3a  Code  Gb  stm32l4xx_hal_cortex.o [1]
HAL_NVIC_SetPriorityGrouping
                         0x800'11e3   0x1a  Code  Gb  stm32l4xx_hal_cortex.o [1]
HAL_PWREx_ControlVoltageScaling
                         0x800'1fc5   0x5c  Code  Gb  stm32l4xx_hal_pwr_ex.o [1]
HAL_PWREx_GetVoltageRange
                         0x800'1fb9    0xc  Code  Gb  stm32l4xx_hal_pwr_ex.o [1]
HAL_PWR_EnableBkUpAccess
                         0x800'287d    0xc  Code  Gb  stm32l4xx_hal_pwr.o [1]
HAL_RCCEx_EnableMSIPLLMode
                         0x800'16a1    0xc  Code  Gb  stm32l4xx_hal_rcc_ex.o [1]
HAL_RCCEx_PeriphCLKConfig
                         0x800'1369  0x31e  Code  Gb  stm32l4xx_hal_rcc_ex.o [1]
HAL_RCC_ClockConfig      0x800'1d23  0x100  Code  Gb  stm32l4xx_hal_rcc.o [1]
HAL_RCC_GetSysClockFreq
                         0x800'1e37   0x92  Code  Gb  stm32l4xx_hal_rcc.o [1]
HAL_RCC_OscConfig        0x800'18b9  0x43e  Code  Gb  stm32l4xx_hal_rcc.o [1]
HAL_RTC_GetDate          0x800'0e2d   0x34  Code  Gb  stm32l4xx_hal_rtc.o [1]
HAL_RTC_GetTime          0x800'0df1   0x3c  Code  Gb  stm32l4xx_hal_rtc.o [1]
HAL_RTC_Init             0x800'0c99   0x98  Code  Gb  stm32l4xx_hal_rtc.o [1]
HAL_RTC_MspInit          0x800'12bd   0x38  Code  Gb  stm32l4xx_hal_msp.o [1]
HAL_RTC_SetTime          0x800'0d31   0xba  Code  Gb  stm32l4xx_hal_rtc.o [1]
HAL_RTC_WaitForSynchro   0x800'0e9f   0x32  Code  Gb  stm32l4xx_hal_rtc.o [1]
HAL_SYSTICK_Config       0x800'124f   0x28  Code  Gb  stm32l4xx_hal_cortex.o [1]
HAL_TIMEx_Break2Callback
                         0x800'2627    0x2  Code  Wk  stm32l4xx_hal_tim_ex.o [1]
HAL_TIMEx_BreakCallback
                         0x800'2625    0x2  Code  Wk  stm32l4xx_hal_tim_ex.o [1]
HAL_TIMEx_CommutCallback
                         0x800'262b    0x2  Code  Wk  stm32l4xx_hal_tim_ex.o [1]
HAL_TIM_Base_Init        0x800'203d   0x1a  Code  Gb  stm32l4xx_hal_tim.o [1]
HAL_TIM_Base_Start_IT    0x800'2057   0x7a  Code  Gb  stm32l4xx_hal_tim.o [1]
HAL_TIM_IRQHandler       0x800'2129  0x15c  Code  Gb  stm32l4xx_hal_tim.o [1]
HAL_TIM_PeriodElapsedCallback
                         0x800'25d3    0x2  Code  Gb  lcd.o [1]
HardFault_Handler        0x800'2b2b    0x2  Code  Gb  stm32l4xx_it.o [1]
LCD_ControlDigit         0x800'236d    0x8  Code  Gb  lcd.o [1]
LCD_Init                 0x800'24cd  0x106  Code  Gb  lcd.o [1]
LCD_PrintDigit           0x800'2361    0xc  Code  Gb  lcd.o [1]
LCD_PrintNumber          0x800'2427   0x52  Code  Gb  lcd.o [1]
LCD_PrintTime            0x800'2485   0x42  Code  Gb  lcd.o [1]
LCD_Update               0x800'2375   0xb2  Code  Gb  lcd.o [1]
LCD_Update::counter     0x2000'000c    0x1  Data  Lc  lcd.o [1]
LCD_Update::dim         0x2000'0070    0x4  Data  Lc  lcd.o [1]
LCD_Update::prev        0x2000'000d    0x1  Data  Lc  lcd.o [1]
LL_ADC_GetOffsetChannel
                         0x800'0189    0xe  Code  Lc  stm32l4xx_hal_adc.o [1]
LL_ADC_REG_IsTriggerSourceSWStart
                         0x800'01a9    0xe  Code  Lc  stm32l4xx_hal_adc.o [1]
LL_ADC_SetChannelSamplingTime
                         0x800'01b7   0x24  Code  Lc  stm32l4xx_hal_adc.o [1]
LL_ADC_SetOffsetState    0x800'0197   0x12  Code  Lc  stm32l4xx_hal_adc.o [1]
MSIRangeTable            0x800'2a44   0x30  Data  Gb  system_stm32l4xx.o [1]
MemManage_Handler        0x800'2b2d    0x2  Code  Gb  stm32l4xx_it.o [1]
NMI_Handler              0x800'2b29    0x2  Code  Gb  stm32l4xx_it.o [1]
PendSV_Handler           0x800'2b37    0x2  Code  Gb  stm32l4xx_it.o [1]
RCCEx_PLLSAI1_Config     0x800'16ad   0xe6  Code  Lc  stm32l4xx_hal_rcc_ex.o [1]
RCCEx_PLLSAI2_Config     0x800'1799   0xce  Code  Lc  stm32l4xx_hal_rcc_ex.o [1]
RCC_SetFlashLatencyFromMSIRange
                         0x800'1ec9   0x74  Code  Lc  stm32l4xx_hal_rcc.o [1]
RTC_ByteToBcd2           0x800'0f6d   0x16  Code  Gb  stm32l4xx_hal_rtc.o [1]
RTC_EnterInitMode        0x800'0ed1   0x40  Code  Gb  stm32l4xx_hal_rtc.o [1]
RTC_ExitInitMode         0x800'0f11   0x4c  Code  Gb  stm32l4xx_hal_rtc.o [1]
RTC_GetTime              0x800'0b65   0x2e  Code  Gb  rtc.o [1]
RTC_Init                 0x800'0b93   0x1c  Code  Gb  rtc.o [1]
RTC_SetTime              0x800'0b3d   0x28  Code  Gb  rtc.o [1]
Refresh_Time::colon     0x2000'008e    0x1  Data  Lc  main.o [1]
Region$$Table$$Base      0x800'2ac0          --   Gb  - Linker created -
Region$$Table$$Limit     0x800'2ae0          --   Gb  - Linker created -
SVC_Handler              0x800'2b33    0x2  Code  Gb  stm32l4xx_it.o [1]
SysTick_Handler          0x800'2b39    0x4  Code  Gb  stm32l4xx_it.o [1]
SystemCoreClock         0x2000'0084    0x4  Data  Gb  system_stm32l4xx.o [1]
SystemInit               0x800'293d   0x34  Code  Gb  system_stm32l4xx.o [1]
TIM3_IRQHandler          0x800'25d5    0x6  Code  Gb  lcd.o [1]
TIM_Base_SetConfig       0x800'228b   0xac  Code  Gb  stm32l4xx_hal_tim.o [1]
TimHandle               0x2000'0010   0x4c  Data  Gb  lcd.o [1]
UsageFault_Handler       0x800'2b31    0x2  Code  Gb  stm32l4xx_it.o [1]
VBAT_GetVoltage          0x800'0c4d    0x6  Code  Gb  rtc.o [1]
VBAT_Init                0x800'0baf   0x9e  Code  Gb  rtc.o [1]
__NVIC_SetPriority       0x800'11c9   0x1a  Code  Lc  stm32l4xx_hal_cortex.o [1]
__aeabi_memset           0x800'1301         Code  Gb  ABImemset.o [4]
__cmain                  0x800'2ae1         Code  Gb  cmain.o [4]
__exit                   0x800'2b15   0x14  Code  Gb  exit.o [5]
__iar_Memset             0x800'1301         Code  Gb  ABImemset.o [4]
__iar_Memset_word        0x800'1309         Code  Gb  ABImemset.o [4]
__iar_data_init3         0x800'2a75   0x28  Code  Gb  data_init.o [4]
__iar_init_vfp           0x800'2a9d         Code  Gb  fpinit_M.o [3]
__iar_packbits_init_single3
                         0x800'2a0d   0x38  Code  Gb  packbits_init_single.o [4]
__iar_program_start      0x800'2b5d         Code  Gb  cstartup_M.o [4]
__iar_zero_init3         0x800'0f97   0x3a  Code  Gb  zero_init3.o [4]
__low_level_init         0x800'2aff    0x4  Code  Gb  low_level_init.o [2]
__vector_table           0x800'0000         Data  Gb  startup_stm32l486xx.o [1]
_call_main               0x800'2aed         Code  Gb  cmain.o [4]
_exit                    0x800'2b09         Code  Gb  cexit.o [4]
_main                    0x800'2afb         Code  Gb  cmain.o [4]
apply_set_ready         0x2000'008a    0x1  Data  Gb  main.o [1]
button_state            0x2000'008b    0x1  Data  Gb  main.o [1]
change_set_ready        0x2000'0089    0x1  Data  Gb  main.o [1]
ctl_sig                  0x800'25f8   0x20  Data  Gb  lcd.o [1]
debounce_time           0x2000'008d    0x1  Data  Gb  main.o [1]
digits                  0x2000'0000    0xc  Data  Lc  lcd.o [1]
exit                     0x800'2b03    0x4  Code  Gb  exit.o [2]
hadc                    0x2000'0090   0x64  Data  Gb  rtc.o [1]
hrtc                    0x2000'00f4   0x24  Data  Gb  rtc.o [1]
last_button_state       0x2000'008c    0x1  Data  Gb  main.o [1]
main                     0x800'2631  0x214  Code  Gb  main.o [1]
memset                   0x800'0f83   0x14  Code  Gb  memset.o [4]
mode_setting            0x2000'0088    0x1  Data  Gb  main.o [1]
seg7_dim                 0x800'2618    0xc  Data  Gb  lcd.o [1]
seg7_sig                 0x800'29d4   0x38  Data  Gb  lcd.o [1]
seg7_table               0x800'298c   0x48  Data  Gb  lcd.o [1]
uwTick                  0x2000'0078    0x4  Data  Gb  stm32l4xx_hal.o [1]
uwTickFreq              0x2000'0074    0x1  Data  Gb  stm32l4xx_hal.o [1]
uwTickPrio              0x2000'007c    0x4  Data  Gb  stm32l4xx_hal.o [1]
vbat_value              0x2000'0118    0x4  Data  Gb  rtc.o [1]


[1] = D:\STM32 Projects\RTC\RTC\EWARM\RTC\Obj
[2] = dl7M_tln.a
[3] = m7M_tls.a
[4] = rt7M_tl.a
[5] = shb_l.a

  11'222 bytes of readonly  code memory
     236 bytes of readonly  data memory
   1'307 bytes of readwrite data memory

Errors: none
Warnings: none
